Step 1 launched.
Step 1 completed.  KB has been saved.
Step 2 launched.
Step 2 completed.  KB has been read in successfully.
